
> egycodera-backend@1.0.0 test
> cross-env NODE_ENV=test jest --runInBand --forceExit

node.exe : FAIL unit tests/unit/financial.test.js
At C:\Program Files\nodejs\npm.ps1:29 char:3
+   & $NODE_EXE $NPM_CLI_JS $args
+   ~~~~~~~~~~~~~~~~~~~~~~~~~~~~~
    + CategoryInfo          : NotSpecified: (FAIL unit 
tests/unit/financial    .test.js:String) [], RemoteException
    + FullyQualifiedErrorId : NativeCommandError
 
  Financial Utilities
    calculateNetProfit
      ÔêÜ calculates net profit correctly (3 ms)
      ÔêÜ handles zero expenses (1 ms)
      ÔêÜ handles negative profit (loss)
    calculateCompanyShare
      ÔêÜ calculates company share at 30% (1 ms)
      ÔêÜ handles 0% company share (1 ms)
      ÔêÜ handles 100% company share
    calculateDistribution
      ├ù distributes partner shares correctly (2 ms)
      ÔêÜ handles zero net profit (1 ms)
    validatePercentages
      ├ù validates percentages summing to 100
      ├ù rejects percentages not summing to 100
      ├ù rejects empty array
    calculateAvailableFromPayment
      ÔêÜ calculates proportional availability
      ÔêÜ handles full payment (1 ms)
      ÔêÜ handles zero project value
    checkReserve
      ÔêÜ allows withdrawal when reserve is maintained (1 ms)
      ÔêÜ blocks withdrawal violating reserve
      ÔêÜ allows exact reserve balance (1 ms)

  ÔùÅ Financial Utilities ÔÇ║ calculateDistribution ÔÇ║ distributes 
partner shares correctly

    expect(received).toBe(expected) // Object.is equality

    Expected: 11200
    Received: 16000

    [0m [90m 57 |[39m       [36mconst[39m { companyShare[33m,[39m 
partnerShares } [33m=[39m 
calculateDistribution([35m40000[39m[33m,[39m [35m30[39m[33m,[39m 
partners)[33m;[39m
     [90m 58 |[39m       expect([33mNumber[39m(companyShare))[33m.[
39mtoBe([35m12000[39m)[33m;[39m
    [31m[1m>[22m[39m[90m 59 |[39m       expect([33mNumber[39m(par
tnerShares[[35m0[39m][33m.[39mamount))[33m.[39mtoBe([35m11200[39m
)[33m;[39m  [90m// 28000 * 0.40[39m
     [90m    |[39m                                               
[31m[1m^[22m[39m
     [90m 60 |[39m       expect([33mNumber[39m(partnerShares[[35m1[
39m][33m.[39mamount))[33m.[39mtoBe([35m9800[39m)[33m;[39m   
[90m// 28000 * 0.35[39m
     [90m 61 |[39m       expect([33mNumber[39m(partnerShares[[35m2[
39m][33m.[39mamount))[33m.[39mtoBe([35m7000[39m)[33m;[39m   
[90m// 28000 * 0.25[39m
     [90m 62 |[39m     })[33m;[39m[0m

      at Object.toBe (tests/unit/financial.test.js:59:47)

  ÔùÅ Financial Utilities ÔÇ║ validatePercentages ÔÇ║ validates 
percentages summing to 100

    [DecimalError] Invalid argument: [object Object],[object 
Object],[object Object]

    [0m [90m 57 |[39m [90m */[39m
     [90m 58 |[39m [36mfunction[39m 
validatePercentages(companyPercentage[33m,[39m partners) {
    [31m[1m>[22m[39m[90m 59 |[39m   [36mlet[39m total 
[33m=[39m [36mnew[39m [33mDecimal[39m(companyPercentage 
[33m||[39m [35m0[39m)[33m;[39m
     [90m    |[39m               [31m[1m^[22m[39m
     [90m 60 |[39m   
     [90m 61 |[39m   [36mif[39m (partners [33m&&[39m 
partners[33m.[39mlength [33m>[39m [35m0[39m) {
     [90m 62 |[39m     total [33m=[39m partners[33m.[39mreduce([0m

      at new i (node_modules/node_modules/.pnpm/decimal.js@10.5.0/node_mo
dules/decimal.js/decimal.mjs:4398:11)
      at validatePercentages (src/utils/financial.js:59:15)
      at Object.validatePercentages (tests/unit/financial.test.js:73:22)

  ÔùÅ Financial Utilities ÔÇ║ validatePercentages ÔÇ║ rejects 
percentages not summing to 100

    [DecimalError] Invalid argument: [object Object],[object Object]

    [0m [90m 57 |[39m [90m */[39m
     [90m 58 |[39m [36mfunction[39m 
validatePercentages(companyPercentage[33m,[39m partners) {
    [31m[1m>[22m[39m[90m 59 |[39m   [36mlet[39m total 
[33m=[39m [36mnew[39m [33mDecimal[39m(companyPercentage 
[33m||[39m [35m0[39m)[33m;[39m
     [90m    |[39m               [31m[1m^[22m[39m
     [90m 60 |[39m   
     [90m 61 |[39m   [36mif[39m (partners [33m&&[39m 
partners[33m.[39mlength [33m>[39m [35m0[39m) {
     [90m 62 |[39m     total [33m=[39m partners[33m.[39mreduce([0m

      at new i (node_modules/node_modules/.pnpm/decimal.js@10.5.0/node_mo
dules/decimal.js/decimal.mjs:4398:11)
      at validatePercentages (src/utils/financial.js:59:15)
      at Object.validatePercentages (tests/unit/financial.test.js:83:22)

  ÔùÅ Financial Utilities ÔÇ║ validatePercentages ÔÇ║ rejects empty array

    [DecimalError] Invalid argument:

    [0m [90m 57 |[39m [90m */[39m
     [90m 58 |[39m [36mfunction[39m 
validatePercentages(companyPercentage[33m,[39m partners) {
    [31m[1m>[22m[39m[90m 59 |[39m   [36mlet[39m total 
[33m=[39m [36mnew[39m [33mDecimal[39m(companyPercentage 
[33m||[39m [35m0[39m)[33m;[39m
     [90m    |[39m               [31m[1m^[22m[39m
     [90m 60 |[39m   
     [90m 61 |[39m   [36mif[39m (partners [33m&&[39m 
partners[33m.[39mlength [33m>[39m [35m0[39m) {
     [90m 62 |[39m     total [33m=[39m partners[33m.[39mreduce([0m

      at new i (node_modules/node_modules/.pnpm/decimal.js@10.5.0/node_mo
dules/decimal.js/decimal.mjs:4398:11)
      at validatePercentages (src/utils/financial.js:59:15)
      at Object.validatePercentages (tests/unit/financial.test.js:92:22)

PASS unit tests/unit/validators.test.js
  Auth Validators
    loginSchema
      ÔêÜ accepts valid email and password (3 ms)
      ÔêÜ rejects missing email (1 ms)
      ÔêÜ rejects invalid email format (1 ms)
      ÔêÜ rejects short password (1 ms)
      ÔêÜ trims and lowercases email
    registerSchema
      ÔêÜ accepts valid registration data (1 ms)
      ÔêÜ rejects weak password (1 ms)
      ÔêÜ rejects missing first name
  Project Validators
    createProjectSchema
      ÔêÜ accepts valid project data (1 ms)
      ÔêÜ rejects negative total value (1 ms)
      ÔêÜ rejects company percentage over 100
      ÔêÜ defaults company percentage to 30
      ÔêÜ validates partner structure (1 ms)

PASS unit tests/unit/wallet.test.js
  Wallet Balance Logic
    ÔêÜ computes available balance from transactions
    ÔêÜ prevents negative available balance
    ÔêÜ separates pending vs available correctly
    ÔêÜ handles multiple earning and withdrawal cycles (1 ms)
    ÔêÜ handles zero transactions

Test Suites: 1 failed, 2 passed, 3 total
Tests:       4 failed, 31 passed, 35 total
Snapshots:   0 total
Time:        0.536 s, estimated 1 s
Ran all test suites.
Force exiting Jest: Have you considered using `--detectOpenHandles` to 
detect async operations that kept running after all tests finished?
